nohup: ignoring input
Endpoint:        http://localhost:4566
Input bucket:    group36-reviews-input
Reviews table:   group36-reviews-table
Customers table: group36-customers-table

Reading dataset: /home/e12007068/Assignment3/src/data/reviews_devset.json
Loaded 78829 reviews.

Uploading to s3://group36-reviews-input in batches of 100 (backpressure on) ...
  uploaded 100/78829, processed 100
  uploaded 200/78829, processed 200
  uploaded 300/78829, processed 300
  uploaded 400/78829, processed 400
  uploaded 500/78829, processed 500
  uploaded 600/78829, processed 600
  uploaded 700/78829, processed 700
  uploaded 800/78829, processed 800
  uploaded 900/78829, processed 900
  uploaded 1000/78829, processed 1000
  uploaded 1100/78829, processed 1100
  uploaded 1200/78829, processed 1200
  uploaded 1300/78829, processed 1300
  uploaded 1400/78829, processed 1400
  uploaded 1500/78829, processed 1500
  uploaded 1600/78829, processed 1600
  uploaded 1700/78829, processed 1700
  uploaded 1800/78829, processed 1800
  uploaded 1900/78829, processed 1900
  uploaded 2000/78829, processed 2000
  uploaded 2100/78829, processed 2100
  uploaded 2200/78829, processed 2200
  uploaded 2300/78829, processed 2300
  uploaded 2400/78829, processed 2400
  uploaded 2500/78829, processed 2500
  uploaded 2600/78829, processed 2600
  uploaded 2700/78829, processed 2700
  uploaded 2800/78829, processed 2800
  uploaded 2900/78829, processed 2900
  uploaded 3000/78829, processed 3000
  uploaded 3100/78829, processed 3100
  uploaded 3200/78829, processed 3200
  uploaded 3300/78829, processed 3300
  uploaded 3400/78829, processed 3400
  uploaded 3500/78829, processed 3500
  uploaded 3600/78829, processed 3600
  uploaded 3700/78829, processed 3700
  uploaded 3800/78829, processed 3800
  uploaded 3900/78829, processed 3900
  uploaded 4000/78829, processed 4000
  uploaded 4100/78829, processed 4100
  uploaded 4200/78829, processed 4200
  uploaded 4300/78829, processed 4300
  uploaded 4400/78829, processed 4400
  uploaded 4500/78829, processed 4500
  uploaded 4600/78829, processed 4600
  uploaded 4700/78829, processed 4700
  uploaded 4800/78829, processed 4800
  uploaded 4900/78829, processed 4900
  uploaded 5000/78829, processed 5000
  uploaded 5100/78829, processed 5100
  uploaded 5200/78829, processed 5200
  uploaded 5300/78829, processed 5300
  uploaded 5400/78829, processed 5400
  uploaded 5500/78829, processed 5500
  uploaded 5600/78829, processed 5600
  uploaded 5700/78829, processed 5700
  uploaded 5800/78829, processed 5800
  uploaded 5900/78829, processed 5900
  uploaded 6000/78829, processed 6000
  uploaded 6100/78829, processed 6100
  uploaded 6200/78829, processed 6200
  uploaded 6300/78829, processed 6300
  uploaded 6400/78829, processed 6400
  uploaded 6500/78829, processed 6500
  uploaded 6600/78829, processed 6600
  uploaded 6700/78829, processed 6700
  uploaded 6800/78829, processed 6800
  uploaded 6900/78829, processed 6900
  uploaded 7000/78829, processed 7000
  uploaded 7100/78829, processed 7100
  uploaded 7200/78829, processed 7200
  uploaded 7300/78829, processed 7300
  uploaded 7400/78829, processed 7400
  uploaded 7500/78829, processed 7500
  uploaded 7600/78829, processed 7600
  uploaded 7700/78829, processed 7700
  uploaded 7800/78829, processed 7800
  uploaded 7900/78829, processed 7900
  uploaded 8000/78829, processed 8000
  uploaded 8100/78829, processed 8100
  uploaded 8200/78829, processed 8200
  uploaded 8300/78829, processed 8300
  uploaded 8400/78829, processed 8400
  uploaded 8500/78829, processed 8500
  uploaded 8600/78829, processed 8600
  uploaded 8700/78829, processed 8700
  uploaded 8800/78829, processed 8800
  uploaded 8900/78829, processed 8900
  uploaded 9000/78829, processed 9000
  uploaded 9100/78829, processed 9100
  uploaded 9200/78829, processed 9200
  uploaded 9300/78829, processed 9300
  uploaded 9400/78829, processed 9400
  uploaded 9500/78829, processed 9500
  uploaded 9600/78829, processed 9600
  uploaded 9700/78829, processed 9700
  uploaded 9800/78829, processed 9800
  uploaded 9900/78829, processed 9900
  uploaded 10000/78829, processed 10000
  uploaded 10100/78829, processed 10100
  uploaded 10200/78829, processed 10200
  uploaded 10300/78829, processed 10300
  uploaded 10400/78829, processed 10400
  uploaded 10500/78829, processed 10500
  uploaded 10600/78829, processed 10600
  uploaded 10700/78829, processed 10700
  uploaded 10800/78829, processed 10800
  uploaded 10900/78829, processed 10900
  uploaded 11000/78829, processed 11000
  uploaded 11100/78829, processed 11100
  uploaded 11200/78829, processed 11200
  uploaded 11300/78829, processed 11300
  uploaded 11400/78829, processed 11400
  uploaded 11500/78829, processed 11500
  uploaded 11600/78829, processed 11600
  uploaded 11700/78829, processed 11700
  uploaded 11800/78829, processed 11800
  uploaded 11900/78829, processed 11900
  uploaded 12000/78829, processed 12000
  uploaded 12100/78829, processed 12100
  uploaded 12200/78829, processed 12200
  uploaded 12300/78829, processed 12300
  uploaded 12400/78829, processed 12400
  uploaded 12500/78829, processed 12500
  uploaded 12600/78829, processed 12600
  uploaded 12700/78829, processed 12700
  uploaded 12800/78829, processed 12800
  uploaded 12900/78829, processed 12900
  uploaded 13000/78829, processed 13000
  uploaded 13100/78829, processed 13100
  uploaded 13200/78829, processed 13200
  uploaded 13300/78829, processed 13300
  uploaded 13400/78829, processed 13400
  uploaded 13500/78829, processed 13500
  uploaded 13600/78829, processed 13600
  uploaded 13700/78829, processed 13700
  uploaded 13800/78829, processed 13800
  uploaded 13900/78829, processed 13900
  uploaded 14000/78829, processed 14000
  uploaded 14100/78829, processed 14100
  uploaded 14200/78829, processed 14200
  uploaded 14300/78829, processed 14300
  uploaded 14400/78829, processed 14400
  uploaded 14500/78829, processed 14500
  uploaded 14600/78829, processed 14600
  uploaded 14700/78829, processed 14700
  uploaded 14800/78829, processed 14800
  uploaded 14900/78829, processed 14900
  uploaded 15000/78829, processed 15000
  uploaded 15100/78829, processed 15100
  uploaded 15200/78829, processed 15200
  uploaded 15300/78829, processed 15300
  uploaded 15400/78829, processed 15400
  uploaded 15500/78829, processed 15500
  uploaded 15600/78829, processed 15600
  uploaded 15700/78829, processed 15700
  uploaded 15800/78829, processed 15800
  uploaded 15900/78829, processed 15900
  uploaded 16000/78829, processed 16000
  uploaded 16100/78829, processed 16100
  uploaded 16200/78829, processed 16200
  uploaded 16300/78829, processed 16300
  uploaded 16400/78829, processed 16400
  uploaded 16500/78829, processed 16500
  uploaded 16600/78829, processed 16600
  uploaded 16700/78829, processed 16700
  uploaded 16800/78829, processed 16800
  uploaded 16900/78829, processed 16900
  uploaded 17000/78829, processed 17000
  uploaded 17100/78829, processed 17100
  uploaded 17200/78829, processed 17200
  uploaded 17300/78829, processed 17300
  uploaded 17400/78829, processed 17400
  uploaded 17500/78829, processed 17500
  uploaded 17600/78829, processed 17600
  uploaded 17700/78829, processed 17700
  uploaded 17800/78829, processed 17800
  uploaded 17900/78829, processed 17900
  uploaded 18000/78829, processed 18000
  uploaded 18100/78829, processed 18100
  uploaded 18200/78829, processed 18200
  uploaded 18300/78829, processed 18300
  uploaded 18400/78829, processed 18400
  uploaded 18500/78829, processed 18500
  uploaded 18600/78829, processed 18600
  uploaded 18700/78829, processed 18700
  uploaded 18800/78829, processed 18800
  uploaded 18900/78829, processed 18900
  uploaded 19000/78829, processed 19000
  uploaded 19100/78829, processed 19100
  uploaded 19200/78829, processed 19200
  uploaded 19300/78829, processed 19300
  uploaded 19400/78829, processed 19400
  uploaded 19500/78829, processed 19500
  uploaded 19600/78829, processed 19600
  uploaded 19700/78829, processed 19700
  uploaded 19800/78829, processed 19800
  uploaded 19900/78829, processed 19900
  uploaded 20000/78829, processed 20000
  uploaded 20100/78829, processed 20100
  uploaded 20200/78829, processed 20200
  uploaded 20300/78829, processed 20300
  uploaded 20400/78829, processed 20400
  uploaded 20500/78829, processed 20500
  uploaded 20600/78829, processed 20600
  uploaded 20700/78829, processed 20700
  uploaded 20800/78829, processed 20800
  uploaded 20900/78829, processed 20900
  uploaded 21000/78829, processed 21000
  uploaded 21100/78829, processed 21100
  uploaded 21200/78829, processed 21200
  uploaded 21300/78829, processed 21300
  uploaded 21400/78829, processed 21400
  uploaded 21500/78829, processed 21500
  uploaded 21600/78829, processed 21600
  uploaded 21700/78829, processed 21700
  uploaded 21800/78829, processed 21800
  uploaded 21900/78829, processed 21900
  uploaded 22000/78829, processed 22000
  uploaded 22100/78829, processed 22100
  uploaded 22200/78829, processed 22200
  uploaded 22300/78829, processed 22300
  uploaded 22400/78829, processed 22400
  uploaded 22500/78829, processed 22500
  uploaded 22600/78829, processed 22600
  uploaded 22700/78829, processed 22700
  uploaded 22800/78829, processed 22800
  uploaded 22900/78829, processed 22900
  uploaded 23000/78829, processed 23000
  uploaded 23100/78829, processed 23100
  uploaded 23200/78829, processed 23200
  uploaded 23300/78829, processed 23300
  uploaded 23400/78829, processed 23400
  uploaded 23500/78829, processed 23500
  uploaded 23600/78829, processed 23600
  uploaded 23700/78829, processed 23700
  uploaded 23800/78829, processed 23800
  uploaded 23900/78829, processed 23900
  uploaded 24000/78829, processed 24000
  uploaded 24100/78829, processed 24100
  uploaded 24200/78829, processed 24200
  uploaded 24300/78829, processed 24300
  uploaded 24400/78829, processed 24400
  uploaded 24500/78829, processed 24500
  uploaded 24600/78829, processed 24600
  uploaded 24700/78829, processed 24700
  uploaded 24800/78829, processed 24800
  uploaded 24900/78829, processed 24900
  uploaded 25000/78829, processed 25000
  uploaded 25100/78829, processed 25100
  uploaded 25200/78829, processed 25200
  uploaded 25300/78829, processed 25300
  uploaded 25400/78829, processed 25400
  uploaded 25500/78829, processed 25500
  uploaded 25600/78829, processed 25600
  uploaded 25700/78829, processed 25700
  uploaded 25800/78829, processed 25800
  uploaded 25900/78829, processed 25900
  uploaded 26000/78829, processed 26000
  uploaded 26100/78829, processed 26100
  uploaded 26200/78829, processed 26200
  uploaded 26300/78829, processed 26300
  uploaded 26400/78829, processed 26400
  uploaded 26500/78829, processed 26500
  uploaded 26600/78829, processed 26600
  uploaded 26700/78829, processed 26700
  uploaded 26800/78829, processed 26800
  uploaded 26900/78829, processed 26900
  uploaded 27000/78829, processed 27000
  uploaded 27100/78829, processed 27100
  uploaded 27200/78829, processed 27200
  uploaded 27300/78829, processed 27300
  uploaded 27400/78829, processed 27400
  uploaded 27500/78829, processed 27500
  uploaded 27600/78829, processed 27600
  uploaded 27700/78829, processed 27700
  uploaded 27800/78829, processed 27800
  uploaded 27900/78829, processed 27900
  uploaded 28000/78829, processed 28000
  uploaded 28100/78829, processed 28100
  uploaded 28200/78829, processed 28200
  uploaded 28300/78829, processed 28300
  uploaded 28400/78829, processed 28400
  uploaded 28500/78829, processed 28500
  uploaded 28600/78829, processed 28600
  uploaded 28700/78829, processed 28700
  uploaded 28800/78829, processed 28800
  uploaded 28900/78829, processed 28900
  uploaded 29000/78829, processed 29000
  uploaded 29100/78829, processed 29100
  uploaded 29200/78829, processed 29200
  uploaded 29300/78829, processed 29300
  uploaded 29400/78829, processed 29400
  uploaded 29500/78829, processed 29500
  uploaded 29600/78829, processed 29600
  uploaded 29700/78829, processed 29700
  uploaded 29800/78829, processed 29800
  uploaded 29900/78829, processed 29900
  uploaded 30000/78829, processed 30000
  uploaded 30100/78829, processed 30100
  uploaded 30200/78829, processed 30200
  uploaded 30300/78829, processed 30300
  uploaded 30400/78829, processed 30400
  uploaded 30500/78829, processed 30500
  uploaded 30600/78829, processed 30600
  uploaded 30700/78829, processed 30700
  uploaded 30800/78829, processed 30800
  uploaded 30900/78829, processed 30900
  uploaded 31000/78829, processed 31000
  uploaded 31100/78829, processed 31100
  uploaded 31200/78829, processed 31200
  uploaded 31300/78829, processed 31300
  uploaded 31400/78829, processed 31400
  uploaded 31500/78829, processed 31500
  uploaded 31600/78829, processed 31600
  uploaded 31700/78829, processed 31700
  uploaded 31800/78829, processed 31800
  uploaded 31900/78829, processed 31900
  uploaded 32000/78829, processed 32000
  uploaded 32100/78829, processed 32100
  uploaded 32200/78829, processed 32200
  uploaded 32300/78829, processed 32300
  uploaded 32400/78829, processed 32400
  uploaded 32500/78829, processed 32500
  uploaded 32600/78829, processed 32600
  uploaded 32700/78829, processed 32700
  uploaded 32800/78829, processed 32800
  uploaded 32900/78829, processed 32900
  uploaded 33000/78829, processed 33000
  uploaded 33100/78829, processed 33100
  uploaded 33200/78829, processed 33200
  uploaded 33300/78829, processed 33300
  uploaded 33400/78829, processed 33400
  uploaded 33500/78829, processed 33500
  uploaded 33600/78829, processed 33600
  uploaded 33700/78829, processed 33700
  uploaded 33800/78829, processed 33800
  uploaded 33900/78829, processed 33900
  uploaded 34000/78829, processed 34000
  uploaded 34100/78829, processed 34100
  uploaded 34200/78829, processed 34200
  uploaded 34300/78829, processed 34300
  uploaded 34400/78829, processed 34400
  uploaded 34500/78829, processed 34500
  uploaded 34600/78829, processed 34600
  uploaded 34700/78829, processed 34700
  uploaded 34800/78829, processed 34800
  uploaded 34900/78829, processed 34900
  uploaded 35000/78829, processed 35000
  uploaded 35100/78829, processed 35100
  uploaded 35200/78829, processed 35200
  uploaded 35300/78829, processed 35300
  uploaded 35400/78829, processed 35400
  uploaded 35500/78829, processed 35500
  uploaded 35600/78829, processed 35600
  uploaded 35700/78829, processed 35700
  uploaded 35800/78829, processed 35800
  uploaded 35900/78829, processed 35900
  uploaded 36000/78829, processed 36000
  uploaded 36100/78829, processed 36100
  uploaded 36200/78829, processed 36200
  uploaded 36300/78829, processed 36300
  uploaded 36400/78829, processed 36400
  uploaded 36500/78829, processed 36500
  uploaded 36600/78829, processed 36600
  uploaded 36700/78829, processed 36700
  uploaded 36800/78829, processed 36800
  uploaded 36900/78829, processed 36900
  uploaded 37000/78829, processed 37000
  uploaded 37100/78829, processed 37100
  uploaded 37200/78829, processed 37200
  uploaded 37300/78829, processed 37300
  uploaded 37400/78829, processed 37400
  uploaded 37500/78829, processed 37500
  uploaded 37600/78829, processed 37600
  uploaded 37700/78829, processed 37700
  uploaded 37800/78829, processed 37800
  uploaded 37900/78829, processed 37900
  uploaded 38000/78829, processed 38000
  uploaded 38100/78829, processed 38100
  uploaded 38200/78829, processed 38200
  uploaded 38300/78829, processed 38300
  uploaded 38400/78829, processed 38400
  uploaded 38500/78829, processed 38500
  uploaded 38600/78829, processed 38600
  uploaded 38700/78829, processed 38700
  uploaded 38800/78829, processed 38800
  uploaded 38900/78829, processed 38900
  uploaded 39000/78829, processed 39000
  uploaded 39100/78829, processed 39100
  uploaded 39200/78829, processed 39200
  uploaded 39300/78829, processed 39300
  uploaded 39400/78829, processed 39400
  uploaded 39500/78829, processed 39500
  uploaded 39600/78829, processed 39600
  uploaded 39700/78829, processed 39700
  uploaded 39800/78829, processed 39800
  uploaded 39900/78829, processed 39900
  uploaded 40000/78829, processed 40000
  uploaded 40100/78829, processed 40100
  uploaded 40200/78829, processed 40200
  uploaded 40300/78829, processed 40300
  uploaded 40400/78829, processed 40400
  uploaded 40500/78829, processed 40500
  uploaded 40600/78829, processed 40600
  uploaded 40700/78829, processed 40700
  uploaded 40800/78829, processed 40800
  uploaded 40900/78829, processed 40900
  uploaded 41000/78829, processed 41000
  uploaded 41100/78829, processed 41100
  uploaded 41200/78829, processed 41200
  uploaded 41300/78829, processed 41300
  uploaded 41400/78829, processed 41400
  uploaded 41500/78829, processed 41500
  uploaded 41600/78829, processed 41600
  uploaded 41700/78829, processed 41700
  uploaded 41800/78829, processed 41800
  uploaded 41900/78829, processed 41900
  uploaded 42000/78829, processed 42000
  uploaded 42100/78829, processed 42100
  uploaded 42200/78829, processed 42200
  uploaded 42300/78829, processed 42300
  uploaded 42400/78829, processed 42400
  uploaded 42500/78829, processed 42500
  uploaded 42600/78829, processed 42600
  uploaded 42700/78829, processed 42700
  uploaded 42800/78829, processed 42800
  uploaded 42900/78829, processed 42900
  uploaded 43000/78829, processed 43000
  uploaded 43100/78829, processed 43100
  uploaded 43200/78829, processed 43200
  uploaded 43300/78829, processed 43300
  uploaded 43400/78829, processed 43400
  uploaded 43500/78829, processed 43500
  uploaded 43600/78829, processed 43600
  uploaded 43700/78829, processed 43700
  uploaded 43800/78829, processed 43800
  uploaded 43900/78829, processed 43900
  uploaded 44000/78829, processed 44000
  uploaded 44100/78829, processed 44100
  uploaded 44200/78829, processed 44200
  uploaded 44300/78829, processed 44300
  uploaded 44400/78829, processed 44400
  uploaded 44500/78829, processed 44500
  uploaded 44600/78829, processed 44600
  uploaded 44700/78829, processed 44700
  uploaded 44800/78829, processed 44800
  uploaded 44900/78829, processed 44900
  uploaded 45000/78829, processed 45000
  uploaded 45100/78829, processed 45100
  uploaded 45200/78829, processed 45200
  uploaded 45300/78829, processed 45300
  uploaded 45400/78829, processed 45400
  uploaded 45500/78829, processed 45500
  uploaded 45600/78829, processed 45600
  uploaded 45700/78829, processed 45700
  uploaded 45800/78829, processed 45800
  uploaded 45900/78829, processed 45900
  uploaded 46000/78829, processed 46000
  uploaded 46100/78829, processed 46100
  uploaded 46200/78829, processed 46200
  uploaded 46300/78829, processed 46300
  uploaded 46400/78829, processed 46400
  uploaded 46500/78829, processed 46500
  uploaded 46600/78829, processed 46600
  uploaded 46700/78829, processed 46700
  uploaded 46800/78829, processed 46800
  uploaded 46900/78829, processed 46900
  uploaded 47000/78829, processed 47000
  uploaded 47100/78829, processed 47100
  uploaded 47200/78829, processed 47200
  uploaded 47300/78829, processed 47300
  uploaded 47400/78829, processed 47400
  uploaded 47500/78829, processed 47500
  uploaded 47600/78829, processed 47600
  uploaded 47700/78829, processed 47700
  uploaded 47800/78829, processed 47800
  uploaded 47900/78829, processed 47900
  uploaded 48000/78829, processed 48000
  uploaded 48100/78829, processed 48100
  uploaded 48200/78829, processed 48200
  uploaded 48300/78829, processed 48300
  uploaded 48400/78829, processed 48400
  uploaded 48500/78829, processed 48500
  uploaded 48600/78829, processed 48600
  uploaded 48700/78829, processed 48700
  uploaded 48800/78829, processed 48800
  uploaded 48900/78829, processed 48900
  uploaded 49000/78829, processed 49000
  uploaded 49100/78829, processed 49100
  uploaded 49200/78829, processed 49200
  uploaded 49300/78829, processed 49300
  uploaded 49400/78829, processed 49400
  uploaded 49500/78829, processed 49500
  uploaded 49600/78829, processed 49600
  uploaded 49700/78829, processed 49700
  uploaded 49800/78829, processed 49800
  uploaded 49900/78829, processed 49900
  uploaded 50000/78829, processed 50000
  uploaded 50100/78829, processed 50100
  uploaded 50200/78829, processed 50200
  uploaded 50300/78829, processed 50300
  uploaded 50400/78829, processed 50400
  uploaded 50500/78829, processed 50500
  uploaded 50600/78829, processed 50600
  uploaded 50700/78829, processed 50700
  uploaded 50800/78829, processed 50800
  uploaded 50900/78829, processed 50900
  uploaded 51000/78829, processed 51000
  uploaded 51100/78829, processed 51100
  uploaded 51200/78829, processed 51200
  uploaded 51300/78829, processed 51300
  uploaded 51400/78829, processed 51400
  uploaded 51500/78829, processed 51500
  uploaded 51600/78829, processed 51600
  uploaded 51700/78829, processed 51700
  uploaded 51800/78829, processed 51800
  uploaded 51900/78829, processed 51900
  uploaded 52000/78829, processed 52000
  uploaded 52100/78829, processed 52100
  uploaded 52200/78829, processed 52200
  uploaded 52300/78829, processed 52300
  uploaded 52400/78829, processed 52400
  uploaded 52500/78829, processed 52500
  uploaded 52600/78829, processed 52600
  uploaded 52700/78829, processed 52700
  uploaded 52800/78829, processed 52800
  uploaded 52900/78829, processed 52900
  uploaded 53000/78829, processed 53000
  uploaded 53100/78829, processed 53100
  uploaded 53200/78829, processed 53200
  uploaded 53300/78829, processed 53300
  uploaded 53400/78829, processed 53400
  uploaded 53500/78829, processed 53500
  uploaded 53600/78829, processed 53600
  uploaded 53700/78829, processed 53700
  uploaded 53800/78829, processed 53800
  uploaded 53900/78829, processed 53900
  uploaded 54000/78829, processed 54000
  uploaded 54100/78829, processed 54100
  uploaded 54200/78829, processed 54200
  uploaded 54300/78829, processed 54300
  uploaded 54400/78829, processed 54400
  uploaded 54500/78829, processed 54500
  uploaded 54600/78829, processed 54600
  uploaded 54700/78829, processed 54700
  uploaded 54800/78829, processed 54800
  uploaded 54900/78829, processed 54900
  uploaded 55000/78829, processed 55000
  uploaded 55100/78829, processed 55100
  uploaded 55200/78829, processed 55200
  uploaded 55300/78829, processed 55300
  uploaded 55400/78829, processed 55400
  uploaded 55500/78829, processed 55500
  uploaded 55600/78829, processed 55600
  uploaded 55700/78829, processed 55700
  uploaded 55800/78829, processed 55800
  uploaded 55900/78829, processed 55900
  uploaded 56000/78829, processed 56000
  uploaded 56100/78829, processed 56100
  uploaded 56200/78829, processed 56200
  uploaded 56300/78829, processed 56300
  uploaded 56400/78829, processed 56400
  uploaded 56500/78829, processed 56500
  uploaded 56600/78829, processed 56600
  uploaded 56700/78829, processed 56700
  uploaded 56800/78829, processed 56800
  uploaded 56900/78829, processed 56900
  uploaded 57000/78829, processed 57000
  uploaded 57100/78829, processed 57100
  uploaded 57200/78829, processed 57200
  uploaded 57300/78829, processed 57300
  uploaded 57400/78829, processed 57400
  uploaded 57500/78829, processed 57500
  uploaded 57600/78829, processed 57600
  uploaded 57700/78829, processed 57700
  uploaded 57800/78829, processed 57800
  uploaded 57900/78829, processed 57900
  uploaded 58000/78829, processed 58000
  uploaded 58100/78829, processed 58100
  uploaded 58200/78829, processed 58200
  uploaded 58300/78829, processed 58300
  uploaded 58400/78829, processed 58400
  uploaded 58500/78829, processed 58500
  uploaded 58600/78829, processed 58600
  uploaded 58700/78829, processed 58700
  uploaded 58800/78829, processed 58800
  uploaded 58900/78829, processed 58900
  uploaded 59000/78829, processed 59000
  uploaded 59100/78829, processed 59100
  uploaded 59200/78829, processed 59200
  uploaded 59300/78829, processed 59300
  uploaded 59400/78829, processed 59400
  uploaded 59500/78829, processed 59500
  uploaded 59600/78829, processed 59600
  uploaded 59700/78829, processed 59700
  uploaded 59800/78829, processed 59800
  uploaded 59900/78829, processed 59900
  uploaded 60000/78829, processed 60000
  uploaded 60100/78829, processed 60100
  uploaded 60200/78829, processed 60200
  uploaded 60300/78829, processed 60300
  uploaded 60400/78829, processed 60400
  uploaded 60500/78829, processed 60500
  uploaded 60600/78829, processed 60600
  uploaded 60700/78829, processed 60700
  uploaded 60800/78829, processed 60800
  uploaded 60900/78829, processed 60900
  uploaded 61000/78829, processed 61000
  uploaded 61100/78829, processed 61100
  uploaded 61200/78829, processed 61200
  uploaded 61300/78829, processed 61300
  uploaded 61400/78829, processed 61400
  uploaded 61500/78829, processed 61500
  uploaded 61600/78829, processed 61600
  uploaded 61700/78829, processed 61700
  uploaded 61800/78829, processed 61800
  uploaded 61900/78829, processed 61900
  uploaded 62000/78829, processed 62000
  uploaded 62100/78829, processed 62100
  uploaded 62200/78829, processed 62200
  uploaded 62300/78829, processed 62300
  uploaded 62400/78829, processed 62400
  uploaded 62500/78829, processed 62500
  uploaded 62600/78829, processed 62600
  uploaded 62700/78829, processed 62700
  uploaded 62800/78829, processed 62800
  uploaded 62900/78829, processed 62900
  uploaded 63000/78829, processed 63000
  uploaded 63100/78829, processed 63100
  uploaded 63200/78829, processed 63200
  uploaded 63300/78829, processed 63300
  uploaded 63400/78829, processed 63400
  uploaded 63500/78829, processed 63500
  uploaded 63600/78829, processed 63600
  uploaded 63700/78829, processed 63700
  uploaded 63800/78829, processed 63800
  uploaded 63900/78829, processed 63900
  uploaded 64000/78829, processed 64000
  uploaded 64100/78829, processed 64100
  uploaded 64200/78829, processed 64200
  uploaded 64300/78829, processed 64300
  uploaded 64400/78829, processed 64400
  uploaded 64500/78829, processed 64500
  uploaded 64600/78829, processed 64600
  uploaded 64700/78829, processed 64700
  uploaded 64800/78829, processed 64800
  uploaded 64900/78829, processed 64900
  uploaded 65000/78829, processed 65000
  uploaded 65100/78829, processed 65100
  uploaded 65200/78829, processed 65200
  uploaded 65300/78829, processed 65300
  uploaded 65400/78829, processed 65400
  uploaded 65500/78829, processed 65500
  uploaded 65600/78829, processed 65600
  uploaded 65700/78829, processed 65700
  uploaded 65800/78829, processed 65800
  uploaded 65900/78829, processed 65900
  uploaded 66000/78829, processed 66000
  uploaded 66100/78829, processed 66100
  uploaded 66200/78829, processed 66200
  uploaded 66300/78829, processed 66300
  uploaded 66400/78829, processed 66400
  uploaded 66500/78829, processed 66500
  uploaded 66600/78829, processed 66600
  uploaded 66700/78829, processed 66700
  uploaded 66800/78829, processed 66800
  uploaded 66900/78829, processed 66900
  uploaded 67000/78829, processed 67000
  uploaded 67100/78829, processed 67100
  uploaded 67200/78829, processed 67200
  uploaded 67300/78829, processed 67300
  uploaded 67400/78829, processed 67400
  uploaded 67500/78829, processed 67500
  uploaded 67600/78829, processed 67600
  uploaded 67700/78829, processed 67700
  uploaded 67800/78829, processed 67800
  uploaded 67900/78829, processed 67900
  uploaded 68000/78829, processed 68000
  uploaded 68100/78829, processed 68100
  uploaded 68200/78829, processed 68200
  uploaded 68300/78829, processed 68300
  uploaded 68400/78829, processed 68400
  uploaded 68500/78829, processed 68500
  uploaded 68600/78829, processed 68600
  uploaded 68700/78829, processed 68700
  uploaded 68800/78829, processed 68800
  uploaded 68900/78829, processed 68900
  uploaded 69000/78829, processed 69000
  uploaded 69100/78829, processed 69100
  uploaded 69200/78829, processed 69200
  uploaded 69300/78829, processed 69300
  uploaded 69400/78829, processed 69400
  uploaded 69500/78829, processed 69500
  uploaded 69600/78829, processed 69600
  uploaded 69700/78829, processed 69700
  uploaded 69800/78829, processed 69800
  uploaded 69900/78829, processed 69900
  uploaded 70000/78829, processed 70000
  uploaded 70100/78829, processed 70100
  uploaded 70200/78829, processed 70200
  uploaded 70300/78829, processed 70300
  uploaded 70400/78829, processed 70400
  uploaded 70500/78829, processed 70500
  uploaded 70600/78829, processed 70600
  uploaded 70700/78829, processed 70700
  uploaded 70800/78829, processed 70800
  uploaded 70900/78829, processed 70900
  uploaded 71000/78829, processed 71000
  uploaded 71100/78829, processed 71100
  uploaded 71200/78829, processed 71200
  uploaded 71300/78829, processed 71300
  uploaded 71400/78829, processed 71400
  uploaded 71500/78829, processed 71500
  uploaded 71600/78829, processed 71600
  uploaded 71700/78829, processed 71700
  uploaded 71800/78829, processed 71800
  uploaded 71900/78829, processed 71900
  uploaded 72000/78829, processed 72000
  uploaded 72100/78829, processed 72100
  uploaded 72200/78829, processed 72200
  uploaded 72300/78829, processed 72300
  uploaded 72400/78829, processed 72400
  uploaded 72500/78829, processed 72500
  uploaded 72600/78829, processed 72600
  uploaded 72700/78829, processed 72700
  uploaded 72800/78829, processed 72800
  uploaded 72900/78829, processed 72900
  uploaded 73000/78829, processed 73000
  uploaded 73100/78829, processed 73100
  uploaded 73200/78829, processed 73200
  uploaded 73300/78829, processed 73300
  uploaded 73400/78829, processed 73400
  uploaded 73500/78829, processed 73500
  uploaded 73600/78829, processed 73600
  uploaded 73700/78829, processed 73700
  uploaded 73800/78829, processed 73800
  uploaded 73900/78829, processed 73900
  uploaded 74000/78829, processed 74000
  uploaded 74100/78829, processed 74100
  uploaded 74200/78829, processed 74200
  uploaded 74300/78829, processed 74300
  uploaded 74400/78829, processed 74400
  uploaded 74500/78829, processed 74500
  uploaded 74600/78829, processed 74600
  uploaded 74700/78829, processed 74700
  uploaded 74800/78829, processed 74800
  uploaded 74900/78829, processed 74900
  uploaded 75000/78829, processed 75000
  uploaded 75100/78829, processed 75100
  uploaded 75200/78829, processed 75200
  uploaded 75300/78829, processed 75300
  uploaded 75400/78829, processed 75400
  uploaded 75500/78829, processed 75500
  uploaded 75600/78829, processed 75600
  uploaded 75700/78829, processed 75700
  uploaded 75800/78829, processed 75800
  uploaded 75900/78829, processed 75900
  uploaded 76000/78829, processed 76000
  uploaded 76100/78829, processed 76100
  uploaded 76200/78829, processed 76200
  uploaded 76300/78829, processed 76300
  uploaded 76400/78829, processed 76400
  uploaded 76500/78829, processed 76500
  uploaded 76600/78829, processed 76600
  uploaded 76700/78829, processed 76700
  uploaded 76800/78829, processed 76800
  uploaded 76900/78829, processed 76900
  uploaded 77000/78829, processed 77000
  uploaded 77100/78829, processed 77100
  uploaded 77200/78829, processed 77200
  uploaded 77300/78829, processed 77300
  uploaded 77400/78829, processed 77400
  uploaded 77500/78829, processed 77500
  uploaded 77600/78829, processed 77600
  uploaded 77700/78829, processed 77700
  uploaded 77800/78829, processed 77800
  uploaded 77900/78829, processed 77900
  uploaded 78000/78829, processed 78000
  uploaded 78100/78829, processed 78100
  uploaded 78200/78829, processed 78200
  uploaded 78300/78829, processed 78300
  uploaded 78400/78829, processed 78400
  uploaded 78500/78829, processed 78500
  uploaded 78600/78829, processed 78600
  uploaded 78700/78829, processed 78700
  uploaded 78800/78829, processed 78800
  uploaded 78829/78829, processed 78829

Final wait for the chain to finish all reviews...
  processed 78829/78829 reviews...

Waiting for the ban Lambda (DynamoDB stream) to settle...

Aggregating results...

=== RESULTS (devset only) ===
{
  "positive_reviews": 60434,
  "neutral_reviews": 11354,
  "negative_reviews": 7041,
  "failed_profanity_reviews": 3125,
  "banned_users": [
    "A320TMDV6KCFU"
  ],
  "total_reviews_scanned": 78829
}

Written to /home/e12007068/Assignment3/src/results/results.json
